START 1/11 analysis_S1_cluster_bootstrap at 2026-09-26T09:23:41Z
DONE 1/11 analysis_S1_cluster_bootstrap exit=0 in 2831.7s
START 2/11 analysis_S1_displays s1-6 at 2026-09-26T10:10:53Z
DONE 2/11 analysis_S1_displays s1-6 exit=0 in 73.0s
START 3/11 analysis_S1_displays s1-7 at 2026-09-26T10:12:06Z
DONE 3/11 analysis_S1_displays s1-7 exit=0 in 1.0s
START 4/11 experiments_S1_enumeration s1-2 at 2026-09-26T10:12:07Z
DONE 4/11 experiments_S1_enumeration s1-2 exit=0 in 50.0s
START 5/11 experiments_S1_enumeration s1-8 at 2026-09-26T10:12:57Z
DONE 5/11 experiments_S1_enumeration s1-8 exit=0 in 43.3s
START 6/11 experiments_S1_enumeration s1-11 at 2026-09-26T10:13:40Z
DONE 6/11 experiments_S1_enumeration s1-11 exit=0 in 103.1s
START 7/11 experiments_S1_blockC_ext at 2026-09-26T10:15:23Z
DONE 7/11 experiments_S1_blockC_ext exit=0 in 290.2s
START 8/11 analysis_S1_displays th-2 at 2026-09-26T10:20:13Z
DONE 8/11 analysis_S1_displays th-2 exit=0 in 1.5s
START 9/11 experiments_S1_tiebreak_regen at 2026-09-26T10:20:15Z
DONE 9/11 experiments_S1_tiebreak_regen exit=0 in 30.6s
START 10/11 experiments_S1_b5_rerun at 2026-09-26T10:20:46Z
DONE 10/11 experiments_S1_b5_rerun exit=0 in 1.9s
START 11/11 experiments_S1_B4_B6 at 2026-09-26T10:20:47Z
DONE 11/11 experiments_S1_B4_B6 exit=0 in 15.5s
RUN END new=23 changed=[] removed=[]
